hide_line (0,0)-(0,0) p100  -                  ""
line      (1,0)-(1,0) p90   MdviewCodeBlock    ""
hide_line (2,0)-(2,0) p100  -                  ""
hide_line (4,0)-(4,0) p100  -                  ""
line      (5,0)-(5,0) p90   MdviewCodeBlock    ""
hide_line (6,0)-(6,0) p100  -                  ""
hide_line (8,0)-(8,0) p100  -                  ""
hide_line (9,0)-(9,0) p100  -                  ""
hide_line (11,0)-(11,0) p100  -                  ""
line      (12,0)-(12,0) p90   MdviewCodeBlock    ""
hide_line (13,0)-(13,0) p100  -                  ""
replace   (15,0)-(15,2) p100  MdviewBullet       "● "
hide_line (16,0)-(16,0) p100  -                  ""
line      (17,0)-(17,0) p90   MdviewCodeBlock    ""
hide_line (18,0)-(18,0) p100  -                  ""
replace   (19,0)-(19,2) p100  MdviewBullet       "● "
