hide_line (0,0)-(0,0) p100  -                  ""
above     (1,0)-(1,0) p100  MdviewDiffBorder   "────────────────────────────────────────────────────────────────────────────────"
line      (1,0)-(1,0) p90   MdviewDiffDelete   ""
line      (2,0)-(2,0) p90   MdviewDiffAdd      ""
line      (3,0)-(3,0) p90   MdviewDiffHunk     ""
line      (4,0)-(4,0) p90   MdviewCodeBlock    ""
line      (5,0)-(5,0) p90   MdviewDiffDelete   ""
line      (6,0)-(6,0) p90   MdviewDiffAdd      ""
below     (7,0)-(7,0) p100  MdviewDiffBorder   "────────────────────────────────────────────────────────────────────────────────"
line      (7,0)-(7,0) p90   MdviewCodeBlock    ""
hide_line (8,0)-(8,0) p100  -                  ""
hide_line (10,0)-(10,0) p100  -                  ""
line      (11,0)-(11,0) p90   MdviewCodeBlock    ""
hide_line (12,0)-(12,0) p100  -                  ""
replace   (14,0)-(14,2) p100  MdviewBullet       "● "
hide_line (15,0)-(15,0) p100  -                  ""
above     (16,0)-(16,0) p100  MdviewDiffBorder   "  ──────────────────────────────────────────────────────────────────────────────"
line      (16,0)-(16,0) p90   MdviewDiffDelete   ""
below     (17,0)-(17,0) p100  MdviewDiffBorder   "  ──────────────────────────────────────────────────────────────────────────────"
line      (17,0)-(17,0) p90   MdviewDiffAdd      ""
hide_line (18,0)-(18,0) p100  -                  ""
replace   (19,0)-(19,2) p100  MdviewBullet       "● "
hide_line (21,0)-(21,0) p100  -                  ""
hide_line (22,0)-(22,0) p100  -                  ""
