replace   (0,0)-(0,2) p100  MdviewBullet       "● "
replace   (1,0)-(1,2) p100  MdviewBullet       "● "
replace   (2,0)-(2,2) p100  MdviewBullet       "● "
hl        (4,0)-(4,2) p100  MdviewOrdered      ""
hl        (5,0)-(5,2) p100  MdviewOrdered      ""
replace   (7,0)-(7,2) p100  MdviewBullet       "● "
replace   (8,2)-(8,4) p100  MdviewBullet       "○ "
replace   (9,4)-(9,6) p100  MdviewBullet       "◆ "
replace   (10,0)-(10,2) p100  MdviewBullet       "● "
conceal   (12,0)-(12,2) p100  -                  ""
replace   (12,2)-(12,6) p100  MdviewUnchecked    "󰄱 "
conceal   (13,0)-(13,2) p100  -                  ""
replace   (13,2)-(13,6) p100  MdviewChecked      "󰱒 "
conceal   (14,2)-(14,4) p100  -                  ""
replace   (14,4)-(14,8) p100  MdviewUnchecked    "󰄱 "
replace   (15,2)-(15,4) p100  MdviewBullet       "○ "
