replace   (2,0)-(2,3) p100  MdviewRule         "─────────────────────────────────────────────────────────────────────────────"
replace   (4,0)-(4,3) p100  MdviewRule         "─────────────────────────────────────────────────────────────────────────────"
replace   (6,0)-(6,3) p100  MdviewRule         "─────────────────────────────────────────────────────────────────────────────"
